// Jest Snapshot v1, https://goo.gl/fbAQLP

exports[`renders correctly 1`] = `
<span
  className="es-badge es-badge__default es-badge__border ant-badge ant-badge-not-a-wrapper"
>
  <sup
    className="ant-scroll-number ant-badge-count"
    data-show={true}
    title={3}
  >
    <span
      className="ant-scroll-number-only"
      style={
        Object {
          "WebkitTransform": "translateY(-1300%)",
          "msTransform": "translateY(-1300%)",
          "transform": "translateY(-1300%)",
          "transition": "none",
        }
      }
    >
      <p
        className=""
      >
        0
      </p>
      <p
        className=""
      >
        1
      </p>
      <p
        className=""
      >
        2
      </p>
      <p
        className=""
      >
        3
      </p>
      <p
        className=""
      >
        4
      </p>
      <p
        className=""
      >
        5
      </p>
      <p
        className=""
      >
        6
      </p>
      <p
        className=""
      >
        7
      </p>
      <p
        className=""
      >
        8
      </p>
      <p
        className=""
      >
        9
      </p>
      <p
        className=""
      >
        0
      </p>
      <p
        className=""
      >
        1
      </p>
      <p
        className=""
      >
        2
      </p>
      <p
        className="current"
      >
        3
      </p>
      <p
        className=""
      >
        4
      </p>
      <p
        className=""
      >
        5
      </p>
      <p
        className=""
      >
        6
      </p>
      <p
        className=""
      >
        7
      </p>
      <p
        className=""
      >
        8
      </p>
      <p
        className=""
      >
        9
      </p>
      <p
        className=""
      >
        0
      </p>
      <p
        className=""
      >
        1
      </p>
      <p
        className=""
      >
        2
      </p>
      <p
        className=""
      >
        3
      </p>
      <p
        className=""
      >
        4
      </p>
      <p
        className=""
      >
        5
      </p>
      <p
        className=""
      >
        6
      </p>
      <p
        className=""
      >
        7
      </p>
      <p
        className=""
      >
        8
      </p>
      <p
        className=""
      >
        9
      </p>
    </span>
  </sup>
</span>
`;
