// Jest Snapshot v1, https://goo.gl/fbAQLP

exports[`renders correctly 1`] = `
<div
  className="ant-card es-card es-metric-card ant-card-bordered ant-card-small"
  style={
    Object {
      "width": "320px",
    }
  }
>
  <div
    className="ant-card-head"
    style={Object {}}
  >
    <div
      className="ant-card-head-wrapper"
    >
      <div
        className="ant-card-head-title"
      >
        ES METRIC CARD
      </div>
    </div>
  </div>
  <div
    className="ant-card-body"
    style={Object {}}
  >
    <span
      className="es-tooltip es-card__doubt"
      onMouseEnter={[Function]}
      onMouseLeave={[Function]}
    >
      <i
        className="anticon es-eva-icon es-eva-icon--small"
      >
        <i
          data-eva="question-mark-circle-outline"
          data-eva-fill="#fff"
          data-eva-height="18px"
          data-eva-width="18px"
        />
      </i>
    </span>
    <div
      className="es-metric-card__content"
    >
      <img
        alt="Horas estudadas na semana"
        src="https://images.vexels.com/media/users/3/157872/isolated/preview/8d20eee691b54d23d865a69f08a40cd7---cone-terra-b--sica-by-vexels.png"
      />
      <div
        className="es-metric-card-badge es-metric-card-badge--danger"
      >
        <strong>
          25 de 50
        </strong>
      </div>
      <div
        aria-label={null}
        className="ant-typography es-typography es-metric-card__content--description es-typography--caption ant-typography-ellipsis ant-typography-ellipsis-multiple-line"
        style={
          Object {
            "WebkitLineClamp": 2,
          }
        }
      >
        Horas estudadas na semana
      </div>
    </div>
  </div>
</div>
`;
